Starting dry run. Changes will not be saved.
    Upgrading docopt v0.8.0 -> v99999.0.0
