    Upgrading a v1.0 -> v99999.0.0
    Upgrading b v0.8.0-alpha -> v99999.0.0-alpha.1
