Command failed due to unhandled error: Failed to get workspace metadata

Caused by: `cargo metadata` exited with an error: error: failed to parse manifest at `[CWD]/Cargo.toml`

Caused by:
  could not parse input as TOML

Caused by:
  expected an equals, found an identifier at line 1 column 6
