Command failed due to unhandled error: Found virtual manifest, but this command requires running against an actual package in this workspace. Try adding `--workspace`.

