    Upgrading libc v0.2.28 -> v0.2.62
    Upgrading rand v0.3 -> v0.3.23
    Upgrading libc v0.2.28 -> v0.2.62
    Upgrading libc v0.2.28 -> v0.2.62
    Upgrading rand v0.2 -> v0.2.1
    Upgrading libc v0.2.28 -> v0.2.62
