    Upgrading regex v0.2 -> v99999.0.0
    Upgrading toml_edit v0.1.5 -> v99999.0.0
