    Upgrading libc v0.2.28 -> v99999.0.0
    Upgrading rand v0.3 -> v99999.0.0
    Upgrading libc v0.2.28 -> v99999.0.0
    Upgrading libc v0.2.28 -> v99999.0.0
    Upgrading rand v0.2 -> v99999.0.0
    Upgrading libc v0.2.28 -> v99999.0.0
