Command failed due to unhandled error: Cannot downgrade from 0.1.0 to 0.0.1

