    Upgraded cargo-list-test-fixture from 0.0.0 to 2.0.0
