    Upgraded cargo-list-test-fixture-dependency from 0.4.3 to 0.4.5
Updated dependency cargo-list-test-fixture from 0.4.3 to 0.4.5
