    Upgraded cargo-list-test-fixture-dependency from 0.4.3 to 2.0.0
Updated dependency cargo-list-test-fixture from 0.4.3 to 2.0.0
