error: The argument '--dev' cannot be used with '--build'

USAGE:
    cargo add --dev --upgrade <METHOD> <CRATE>...

For more information try --help
