      Adding git-package (unknown version) to dependencies. 
