error: The argument '--git <URI>' cannot be used with '--registry <REGISTRY>'

USAGE:
    cargo add --git <URI> --upgrade <METHOD> <CRATE>...

For more information try --help
