error: The argument '--git <URI>' cannot be used with '--vers <URI>'

USAGE:
    cargo add --git <URI> --upgrade <METHOD> <CRATE>...

For more information try --help
