Command failed due to unhandled error: Cannot specify a git URL (`https://github.com/dcjanus/invalid`) with a version (`0.4.3`).

