      Adding git-package (unknown version) to dev-dependencies. 
