Command failed due to unhandled error: Invalid dependency version requirement

Caused by: unexpected character 'i' while parsing major version number
