    Updating 'https://github.com/rust-lang/crates.io-index' index
Command failed due to unhandled error: The crate `lets_hope_nobody_ever_publishes_this_crate` could not be found in registry index.

