      Adding cargo-list-test-fixture-dependency v99999.0.0 to dependencies. 
      Adding your-face v0.1.3 to dependencies. 
             Available features: 
             - default
             - nose
             - mouth
             - eyes
