Command failed due to unhandled error: Cannot specify multiple crates with path or git or vers

