Command failed due to unhandled error: Cannot specify multiple crates with features

