error: The following required arguments were not provided:
    <CRATE>...

USAGE:
    cargo add [OPTIONS] <CRATE>...

For more information try --help
