      Adding my-package v~99999.0.0 to dependencies. 
