      Adding versioned-package (unknown version) to dependencies. 
