      Adding cargo-list-test-fixture-dependency (unknown version) to dependencies. 
