      Adding your-face v99999.0.0 to dependencies with features: ["nose"]
. 
             Available features: 
             - nose
             - mouth
             - eyes
             - ears
