      Adding cargo-list-test-fixture-dependency v99999.0.0 to dependencies. 
      Adding cargo-list-test-fixture-dependency (unknown version) to dependencies. 
