      Adding my-package v99999.0.0-alpha.1 to dependencies. 
