      Adding my-package v>=0.1.1 to dependencies. 
