      Adding cargo-list-test-fixture-dependency (unknown version) to dev-dependencies. 
      Adding cargo-list-test-fixture-dependency (unknown version) to dev-dependencies. 
