      Adding cargo-list-test-fixture-dependency v0.0.0 to dependencies. 
      Adding cargo-list-test-fixture-dependency v0.0.0 to dependencies. 
