    Removing semver from build-dependencies
Could not edit `Cargo.toml`.

ERROR: The table `build-dependencies` could not be found.
Command failed due to unhandled error: The table `build-dependencies` could not be found.

