    Removing invalid_dependency_name from dependencies
Could not edit `Cargo.toml`.

ERROR: The dependency `invalid_dependency_name` could not be found in `dependencies`.
Command failed due to unhandled error: The dependency `invalid_dependency_name` could not be found in `dependencies`.

